// Jest Snapshot v1, https://goo.gl/fbAQLP

exports[`Button has a valid snapshot 1`] = `
<button
  className="sc-bdVaJa jZlEjC"
  disabled={false}
  onClick={[Function]}
  type="button"
>
  Click
</button>
`;
