// Jest Snapshot v1, https://goo.gl/fbAQLP

exports[`Search bar has a valid snapshot 1`] = `
<div
  className="sc-bdVaJa dTdotJ"
>
  <input
    className="sc-bwzfXH bnZZpQ"
    onBlur={undefined}
    onChange={undefined}
    onClick={undefined}
    placeholder=""
    type="text"
    value={undefined}
  />
  <button
    className="sc-htpNat gAYoDj"
    disabled={false}
    onClick={[Function]}
    type="button"
  >
    Search
  </button>
</div>
`;
