// Jest Snapshot v1, https://goo.gl/fbAQLP

exports[`Books table has a valid snapshot 1`] = `
<ul
  className="sc-bdVaJa bAWDyw"
>
  Table
</ul>
`;
