// Jest Snapshot v1, https://goo.gl/fbAQLP

exports[`Text has a valid snapshot 1`] = `
<span
  className="sc-bdVaJa gOaQWy"
  color="darkGrey"
  size="fsSmall"
>
   Text 
</span>
`;
