// Jest Snapshot v1, https://goo.gl/fbAQLP

exports[`Loading has a valid snapshot 1`] = `
<div
  className="sc-bdVaJa fxDFpx"
>
  <img
    alt="Spinner"
    className="sc-bwzfXH iYNyHm"
    src="spinner.svg"
  />
   Is loading 
</div>
`;
